[LOG_CAT_ML] You must specify a valid HCA device by setting:
-x HCOLL_MAIN_IB=<dev_name:port> or -x UCX_NET_DEVICES=<dev_name:port>.
If no device was specified for HCOLL (or the calling library), automatic device detection will be run.
In case of unfounded HCA device please contact your system administrator.
[LOG_CAT_ML] You must specify a valid HCA device by setting:
-x HCOLL_MAIN_IB=<dev_name:port> or -x UCX_NET_DEVICES=<dev_name:port>.
If no device was specified for HCOLL (or the calling library), automatic device detection will be run.
In case of unfounded HCA device please contact your system administrator.
[LOG_CAT_ML] You must specify a valid HCA device by setting:
-x HCOLL_MAIN_IB=<dev_name:port> or -x UCX_NET_DEVICES=<dev_name:port>.
If no device was specified for HCOLL (or the calling library), automatic device detection will be run.
In case of unfounded HCA device please contact your system administrator.
[LOG_CAT_ML] You must specify a valid HCA device by setting:
-x HCOLL_MAIN_IB=<dev_name:port> or -x UCX_NET_DEVICES=<dev_name:port>.
If no device was specified for HCOLL (or the calling library), automatic device detection will be run.
In case of unfounded HCA device please contact your system administrator.
[Big-Chungus:472351] Error: ../../../../../ompi/mca/coll/hcoll/coll_hcoll_module.c:310 - mca_coll_hcoll_comm_query() Hcol library init failed
[Big-Chungus:472352] Error: ../../../../../ompi/mca/coll/hcoll/coll_hcoll_module.c:310 - mca_coll_hcoll_comm_query() Hcol library init failed
[Big-Chungus:472350] Error: ../../../../../ompi/mca/coll/hcoll/coll_hcoll_module.c:310 - mca_coll_hcoll_comm_query() Hcol library init failed
[Big-Chungus:472349] Error: ../../../../../ompi/mca/coll/hcoll/coll_hcoll_module.c:310 - mca_coll_hcoll_comm_query() Hcol library init failed
Ranks      : 4
Matrix size: 15000
Rank 2: time =   33.925 s,  GFLOP/s =     198.97
Rank 3: time =   33.925 s,  GFLOP/s =     198.97
Rank 1: time =   33.925 s,  GFLOP/s =     198.97
Rank 0 checksum:   1.920010E+06
Rank 0: time =   33.925 s,  GFLOP/s =     198.97
